COMPOSER INSTALL, COMPOSER UPDATE PROBLEM
composer update --ignore-platform-reqs